\BOOKMARK [0][-]{chapter.1}{\376\377\004\037\004\100\004\060\004\072\004\102\004\070\004\072\004\060\000\040\0001\000.\000\040\004\027\004\075\004\060\004\072\004\076\004\062\004\076\004\065\000\040\004\072\004\076\004\064\004\070\004\100\004\076\004\062\004\060\004\075\004\070\004\065}{}% 1
\BOOKMARK [1][-]{section.1.1}{\376\377\004\027\004\060\004\064\004\060\004\075\004\070\004\065}{chapter.1}% 2
\BOOKMARK [1][-]{section.1.2}{\376\377\004\042\004\065\004\076\004\100\004\065\004\102\004\070\004\107\004\065\004\101\004\072\004\076\004\065\000\040\004\076\004\077\004\070\004\101\004\060\004\075\004\070\004\065}{chapter.1}% 3
\BOOKMARK [1][-]{section.1.3}{\376\377\004\040\004\065\004\060\004\073\004\070\004\067\004\060\004\106\004\070\004\117}{chapter.1}% 4
\BOOKMARK [1][-]{section.1.4}{\376\377\004\040\004\065\004\067\004\103\004\073\004\114\004\102\004\060\004\102}{chapter.1}% 5
\BOOKMARK [1][-]{section.1.5}{\376\377\004\022\004\113\004\062\004\076\004\064}{chapter.1}% 6
\BOOKMARK [0][-]{chapter.2}{\376\377\004\037\004\100\004\060\004\072\004\102\004\070\004\072\004\060\000\040\0002\000.\000\040\004\037\004\076\004\074\004\065\004\105\004\076\004\103\004\101\004\102\004\076\004\071\004\107\004\070\004\062\004\076\004\065\000\040\004\072\004\076\004\064\004\070\004\100\004\076\004\062\004\060\004\075\004\070\004\065}{}% 7
\BOOKMARK [1][-]{section.2.1}{\376\377\004\027\004\060\004\064\004\060\004\075\004\070\004\065}{chapter.2}% 8
\BOOKMARK [1][-]{section.2.2}{\376\377\004\042\004\065\004\076\004\100\004\065\004\102\004\070\004\107\004\065\004\101\004\072\004\076\004\065\000\040\004\076\004\077\004\070\004\101\004\060\004\075\004\070\004\065}{chapter.2}% 9
\BOOKMARK [1][-]{section.2.3}{\376\377\004\040\004\065\004\060\004\073\004\070\004\067\004\060\004\106\004\070\004\117}{chapter.2}% 10
\BOOKMARK [1][-]{section.2.4}{\376\377\004\040\004\065\004\067\004\103\004\073\004\114\004\102\004\060\004\102}{chapter.2}% 11
\BOOKMARK [1][-]{section.2.5}{\376\377\004\022\004\113\004\062\004\076\004\064}{chapter.2}% 12
\BOOKMARK [0][-]{chapter.3}{\376\377\004\037\004\100\004\060\004\072\004\102\004\070\004\072\004\060\000\040\0003\000.\000\040\004\037\004\065\004\100\004\065\004\074\004\065\004\066\004\065\004\075\004\070\004\065}{}% 13
\BOOKMARK [1][-]{section.3.1}{\376\377\004\027\004\060\004\064\004\060\004\075\004\070\004\065}{chapter.3}% 14
\BOOKMARK [1][-]{section.3.2}{\376\377\004\042\004\065\004\076\004\100\004\065\004\102\004\070\004\107\004\065\004\101\004\072\004\076\004\065\000\040\004\076\004\077\004\070\004\101\004\060\004\075\004\070\004\065}{chapter.3}% 15
\BOOKMARK [1][-]{section.3.3}{\376\377\004\040\004\065\004\060\004\073\004\070\004\067\004\060\004\106\004\070\004\117}{chapter.3}% 16
\BOOKMARK [1][-]{section.3.4}{\376\377\004\040\004\065\004\067\004\103\004\073\004\114\004\102\004\060\004\102}{chapter.3}% 17
\BOOKMARK [1][-]{section.3.5}{\376\377\004\022\004\113\004\062\004\076\004\064}{chapter.3}% 18
\BOOKMARK [0][-]{chapter.4}{\376\377\004\037\004\100\004\060\004\072\004\102\004\070\004\072\004\060\000\040\0004\000.\000\040\000Q\000P\000S\000K\000\040\004\074\004\076\004\064\004\103\004\073\004\117\004\106\004\070\004\117}{}% 19
\BOOKMARK [1][-]{section.4.1}{\376\377\004\027\004\060\004\064\004\060\004\075\004\070\004\065}{chapter.4}% 20
\BOOKMARK [1][-]{section.4.2}{\376\377\004\042\004\065\004\076\004\100\004\065\004\102\004\070\004\107\004\065\004\101\004\072\004\076\004\065\000\040\004\076\004\077\004\070\004\101\004\060\004\075\004\070\004\065}{chapter.4}% 21
\BOOKMARK [1][-]{section.4.3}{\376\377\004\040\004\065\004\060\004\073\004\070\004\067\004\060\004\106\004\070\004\117}{chapter.4}% 22
\BOOKMARK [1][-]{section.4.4}{\376\377\004\040\004\065\004\067\004\103\004\073\004\114\004\102\004\060\004\102}{chapter.4}% 23
\BOOKMARK [1][-]{section.4.5}{\376\377\004\022\004\113\004\062\004\076\004\064}{chapter.4}% 24
\BOOKMARK [0][-]{chapter.5}{\376\377\004\037\004\100\004\060\004\072\004\102\004\070\004\072\004\060\000\040\0005\000.\000\040\000O\000F\000D\000M\000\040\004\074\004\076\004\064\004\103\004\073\004\117\004\106\004\070\004\117}{}% 25
\BOOKMARK [1][-]{section.5.1}{\376\377\004\027\004\060\004\064\004\060\004\075\004\070\004\065}{chapter.5}% 26
\BOOKMARK [1][-]{section.5.2}{\376\377\004\042\004\065\004\076\004\100\004\065\004\102\004\070\004\107\004\065\004\101\004\072\004\076\004\065\000\040\004\076\004\077\004\070\004\101\004\060\004\075\004\070\004\065}{chapter.5}% 27
\BOOKMARK [1][-]{section.5.3}{\376\377\004\040\004\065\004\060\004\073\004\070\004\067\004\060\004\106\004\070\004\117}{chapter.5}% 28
\BOOKMARK [1][-]{section.5.4}{\376\377\004\040\004\065\004\067\004\103\004\073\004\114\004\102\004\060\004\102}{chapter.5}% 29
\BOOKMARK [1][-]{section.5.5}{\376\377\004\022\004\113\004\062\004\076\004\064}{chapter.5}% 30
\BOOKMARK [0][-]{chapter.6}{\376\377\004\037\004\100\004\060\004\072\004\102\004\070\004\072\004\060\000\040\0006\000.\000\040\004\034\004\076\004\064\004\065\004\073\004\114\000\040\004\072\004\060\004\075\004\060\004\073\004\060\000\040\004\077\004\065\004\100\004\065\004\064\004\060\004\107\004\070}{}% 31
\BOOKMARK [1][-]{section.6.1}{\376\377\004\027\004\060\004\064\004\060\004\075\004\070\004\065}{chapter.6}% 32
\BOOKMARK [1][-]{section.6.2}{\376\377\004\042\004\065\004\076\004\100\004\065\004\102\004\070\004\107\004\065\004\101\004\072\004\076\004\065\000\040\004\076\004\077\004\070\004\101\004\060\004\075\004\070\004\065}{chapter.6}% 33
\BOOKMARK [1][-]{section.6.3}{\376\377\004\040\004\065\004\060\004\073\004\070\004\067\004\060\004\106\004\070\004\117}{chapter.6}% 34
\BOOKMARK [1][-]{section.6.4}{\376\377\004\040\004\065\004\067\004\103\004\073\004\114\004\102\004\060\004\102}{chapter.6}% 35
\BOOKMARK [1][-]{section.6.5}{\376\377\004\022\004\113\004\062\004\076\004\064}{chapter.6}% 36
\BOOKMARK [0][-]{chapter.7}{\376\377\004\037\004\100\004\060\004\072\004\102\004\070\004\072\004\060\000\040\0007\000.\000\040\004\055\004\072\004\062\004\060\004\073\004\060\004\071\004\067\004\070\004\100\004\076\004\062\004\060\004\075\004\070\004\065\000\040\004\070\000\040\000O\000F\000D\000M\000\040\004\064\004\065\004\074\004\076\004\064\004\103\004\073\004\117\004\106\004\070\004\117}{}% 37
\BOOKMARK [1][-]{section.7.1}{\376\377\004\027\004\060\004\064\004\060\004\075\004\070\004\065}{chapter.7}% 38
\BOOKMARK [1][-]{section.7.2}{\376\377\004\042\004\065\004\076\004\100\004\065\004\102\004\070\004\107\004\065\004\101\004\072\004\076\004\065\000\040\004\076\004\077\004\070\004\101\004\060\004\075\004\070\004\065}{chapter.7}% 39
\BOOKMARK [1][-]{section.7.3}{\376\377\004\040\004\065\004\060\004\073\004\070\004\067\004\060\004\106\004\070\004\117}{chapter.7}% 40
\BOOKMARK [1][-]{section.7.4}{\376\377\004\040\004\065\004\067\004\103\004\073\004\114\004\102\004\060\004\102}{chapter.7}% 41
\BOOKMARK [1][-]{section.7.5}{\376\377\004\022\004\113\004\062\004\076\004\064}{chapter.7}% 42
\BOOKMARK [0][-]{chapter.8}{\376\377\004\037\004\100\004\060\004\072\004\102\004\070\004\072\004\060\000\040\0008\000.\000\040\004\040\004\060\004\101\004\107\004\065\004\102\000\040\000B\000E\000R\000\040\004\070\000\040\004\077\004\076\004\101\004\102\004\100\004\076\004\065\004\075\004\070\004\065\000\040\004\063\004\100\004\060\004\104\004\070\004\072\004\076\004\062}{}% 43
\BOOKMARK [1][-]{section.8.1}{\376\377\004\027\004\060\004\064\004\060\004\075\004\070\004\065}{chapter.8}% 44
\BOOKMARK [1][-]{section.8.2}{\376\377\004\042\004\065\004\076\004\100\004\065\004\102\004\070\004\107\004\065\004\101\004\072\004\076\004\065\000\040\004\076\004\077\004\070\004\101\004\060\004\075\004\070\004\065}{chapter.8}% 45
\BOOKMARK [1][-]{section.8.3}{\376\377\004\040\004\065\004\060\004\073\004\070\004\067\004\060\004\106\004\070\004\117}{chapter.8}% 46
\BOOKMARK [2][-]{subsection.8.3.1}{\376\377\004\040\004\060\004\101\004\107\004\065\004\102\000\040\000B\000E\000R}{section.8.3}% 47
\BOOKMARK [2][-]{subsection.8.3.2}{\376\377\004\037\004\076\004\101\004\102\004\100\004\076\004\065\004\075\004\070\004\065\000\040\004\063\004\100\004\060\004\104\004\070\004\072\004\076\004\062}{section.8.3}% 48
\BOOKMARK [1][-]{section.8.4}{\376\377\004\040\004\065\004\067\004\103\004\073\004\114\004\102\004\060\004\102}{chapter.8}% 49
\BOOKMARK [1][-]{section.8.5}{\376\377\004\022\004\113\004\062\004\076\004\064}{chapter.8}% 50
